0	22:13:35.471	Compiling 'risk_management'
0	22:13:37.041	Custom indicator VP-v6 XAGUSD,H1: loaded successfully
0	22:13:37.067	VP-v6 XAGUSD,H1: initialized
0	22:13:37.106	Custom indicator Macro_TE GBPJPY,Weekly: loaded successfully
0	22:13:37.127	Macro_TE GBPJPY,Weekly: initialized
0	22:13:37.488	Expert Templates\EA_TEMPLATE USDCHF,H1: loaded successfully
0	22:13:38.873	EA_TEMPLATE USDCHF,H1 inputs: riskPerTrade=1.0; SLRatio=1.5; TPRatio=3.0; useExit=true; breakEven=4; 
0	22:13:38.887	EA_TEMPLATE USDCHF,H1: initialized
0	22:14:27.549	EA_TEMPLATE USDCHF,H1: uninit reason 4
0	22:14:27.602	Expert EA_TEMPLATE USDCHF,H1: removed
0	22:16:52.709	Expert Templates\EA_TEMPLATE USDCHF,H1: loaded successfully
0	22:16:54.432	EA_TEMPLATE USDCHF,H1 inputs: riskPerTrade=1.0; SLRatio=1.5; TPRatio=3.0; useExit=false; breakEven=4; 
0	22:16:54.447	EA_TEMPLATE USDCHF,H1: initialized
0	22:20:30.301	EA_TEMPLATE USDCHF,H1: uninit reason 4
0	22:20:30.347	Expert EA_TEMPLATE USDCHF,H1: removed
0	22:20:35.515	Expert Templates\EA_TEMPLATE USDCHF,H1: loaded successfully
0	22:20:36.437	EA_TEMPLATE USDCHF,H1 inputs: riskPerTrade=1.0; SLRatio=1.5; TPRatio=3.0; useExit=false; breakEven=4; 
0	22:20:36.455	EA_TEMPLATE USDCHF,H1: initialized
0	22:22:52.824	EA_TEMPLATE USDCHF,H1: uninit reason 4
0	22:22:52.870	Expert EA_TEMPLATE USDCHF,H1: removed
0	22:22:57.466	Expert Templates\EA_TEMPLATE USDCHF,H1: loaded successfully
0	22:22:58.479	EA_TEMPLATE USDCHF,H1 inputs: riskPerTrade=1.0; SLRatio=1.5; TPRatio=3.0; useExit=false; breakEven=2; 
0	22:22:58.496	EA_TEMPLATE USDCHF,H1: initialized
0	22:30:28.098	EA_TEMPLATE USDCHF,H1: uninit reason 4
0	22:30:28.154	Expert EA_TEMPLATE USDCHF,H1: removed
