0	20:57:04.686	EA_TEMPLATE USDCHF,H1: uninit reason 4
0	20:57:04.735	Expert EA_TEMPLATE USDCHF,H1: removed
0	21:30:19.886	Expert Templates\EA_TEMPLATE USDCHF,H1: loaded successfully
0	21:30:21.122	EA_TEMPLATE USDCHF,H1 inputs: riskPerTrade=1.0; SLRatio=1.0; TPRatio=10.0; useExit=false; breakEven=5; 
0	21:30:21.138	EA_TEMPLATE USDCHF,H1: initialized
0	21:35:11.289	EA_TEMPLATE USDCHF,H1: uninit reason 4
0	21:35:11.338	Expert EA_TEMPLATE USDCHF,H1: removed
0	21:39:38.242	Expert Templates\EA_TEMPLATE USDCHF,H1: loaded successfully
0	21:39:41.844	EA_TEMPLATE USDCHF,H1 inputs: riskPerTrade=1.0; SLRatio=1.0; TPRatio=10.0; useExit=false; breakEven=5; 
0	21:39:41.860	EA_TEMPLATE USDCHF,H1: initialized
0	21:43:50.796	EA_TEMPLATE USDCHF,H1: uninit reason 4
0	21:43:50.840	Expert EA_TEMPLATE USDCHF,H1: removed
0	21:45:43.360	Expert Templates\EA_TEMPLATE USDCHF,H1: loaded successfully
0	21:45:45.071	EA_TEMPLATE USDCHF,H1 inputs: riskPerTrade=1.0; SLRatio=1.0; TPRatio=10.0; useExit=false; breakEven=5; 
0	21:45:45.087	EA_TEMPLATE USDCHF,H1: initialized
0	21:48:22.717	EA_TEMPLATE USDCHF,H1: uninit reason 4
0	21:48:22.765	Expert EA_TEMPLATE USDCHF,H1: removed
0	21:48:54.318	Expert Templates\EA_TEMPLATE USDCHF,H1: loaded successfully
0	21:48:55.684	EA_TEMPLATE USDCHF,H1 inputs: riskPerTrade=1.0; SLRatio=1.0; TPRatio=10.0; useExit=false; breakEven=5; 
0	21:48:55.699	EA_TEMPLATE USDCHF,H1: initialized
0	21:54:06.703	EA_TEMPLATE USDCHF,H1: uninit reason 4
0	21:54:06.743	Expert EA_TEMPLATE USDCHF,H1: removed
0	21:56:03.331	Expert Templates\EA_TEMPLATE USDCHF,H1: loaded successfully
0	21:56:04.430	EA_TEMPLATE USDCHF,H1 inputs: riskPerTrade=1.0; SLRatio=1.0; TPRatio=10.0; useExit=false; breakEven=5; 
0	21:56:04.445	EA_TEMPLATE USDCHF,H1: initialized
0	22:00:54.537	EA_TEMPLATE USDCHF,H1: uninit reason 4
0	22:00:54.587	Expert EA_TEMPLATE USDCHF,H1: removed
0	22:01:05.886	Expert Templates\EA_TEMPLATE USDCHF,H1: loaded successfully
0	22:01:07.757	EA_TEMPLATE USDCHF,H1 inputs: riskPerTrade=1.0; SLRatio=1.0; TPRatio=10.0; useExit=false; breakEven=5; 
0	22:01:07.772	EA_TEMPLATE USDCHF,H1: initialized
0	22:07:58.256	EA_TEMPLATE USDCHF,H1: uninit reason 4
0	22:07:58.299	Expert EA_TEMPLATE USDCHF,H1: removed
0	22:24:52.442	Expert Templates\EA_TEMPLATE USDCHF,H1: loaded successfully
0	22:24:53.895	EA_TEMPLATE USDCHF,H1 inputs: riskPerTrade=1.0; SLRatio=1.0; TPRatio=10.0; useExit=false; breakEven=5; 
0	22:24:53.911	EA_TEMPLATE USDCHF,H1: initialized
0	22:31:48.703	EA_TEMPLATE USDCHF,H1: uninit reason 4
0	22:31:48.752	Expert EA_TEMPLATE USDCHF,H1: removed
0	22:34:23.048	Expert Templates\EA_TEMPLATE USDCHF,H1: loaded successfully
0	22:34:25.190	EA_TEMPLATE USDCHF,H1 inputs: riskPerTrade=1.0; SLRatio=1.0; TPRatio=10.0; useExit=false; breakEven=5; 
0	22:34:25.204	EA_TEMPLATE USDCHF,H1: initialized
0	22:40:10.777	EA_TEMPLATE USDCHF,H1: uninit reason 4
0	22:40:10.809	Expert EA_TEMPLATE USDCHF,H1: removed
0	22:43:11.505	Expert Templates\EA_TEMPLATE USDCHF,H1: loaded successfully
0	22:43:13.713	EA_TEMPLATE USDCHF,H1 inputs: riskPerTrade=1.0; SLRatio=1.0; TPRatio=10.0; useExit=false; breakEven=5; 
0	22:43:13.729	EA_TEMPLATE USDCHF,H1: initialized
0	22:45:41.667	EA_TEMPLATE USDCHF,H1: uninit reason 4
0	22:45:41.715	Expert EA_TEMPLATE USDCHF,H1: removed
0	22:45:45.729	Expert Templates\EA_TEMPLATE USDCHF,H1: loaded successfully
0	22:45:47.493	EA_TEMPLATE USDCHF,H1 inputs: riskPerTrade=1.0; SLRatio=1.0; TPRatio=10.0; useExit=false; breakEven=5; 
0	22:45:47.508	EA_TEMPLATE USDCHF,H1: initialized
0	22:49:01.169	EA_TEMPLATE USDCHF,H1: uninit reason 4
0	22:49:01.212	Expert EA_TEMPLATE USDCHF,H1: removed
0	22:49:18.638	Expert Templates\EA_TEMPLATE USDCHF,H1: loaded successfully
0	22:49:22.293	EA_TEMPLATE USDCHF,H1 inputs: riskPerTrade=1.0; SLRatio=1.0; TPRatio=10.0; useExit=false; breakEven=5; 
0	22:49:22.308	EA_TEMPLATE USDCHF,H1: initialized
1	22:51:04.258	EA_TEMPLATE USDCHF,H1: debugging terminated
0	22:51:04.290	EA_TEMPLATE USDCHF,H1: uninit reason 4
0	22:51:04.331	Expert EA_TEMPLATE USDCHF,H1: removed
0	23:01:52.456	Expert Templates\EA_TEMPLATE USDCHF,H1: loaded successfully
0	23:01:53.996	EA_TEMPLATE USDCHF,H1 inputs: riskPerTrade=1.0; SLRatio=1.0; TPRatio=10.0; useExit=false; breakEven=5; 
0	23:01:54.010	EA_TEMPLATE USDCHF,H1: initialized
0	23:05:44.161	EA_TEMPLATE USDCHF,H1: uninit reason 4
0	23:05:44.210	Expert EA_TEMPLATE USDCHF,H1: removed
0	23:05:46.844	Expert Templates\EA_TEMPLATE USDCHF,H1: loaded successfully
0	23:05:48.010	EA_TEMPLATE USDCHF,H1 inputs: riskPerTrade=1.0; SLRatio=1.0; TPRatio=10.0; useExit=false; breakEven=5; 
0	23:05:48.025	EA_TEMPLATE USDCHF,H1: initialized
0	23:16:26.951	VP-v6 XAGUSD,H1: uninit reason 9
0	23:16:26.952	Macro_TE GBPJPY,Monthly: uninit reason 9
0	23:16:26.957	EA_TEMPLATE USDCHF,H1: uninit reason 9
0	23:16:27.149	Custom indicator VP-v6 XAGUSD,H1: removed
0	23:16:27.153	Custom indicator Macro_TE GBPJPY,Monthly: removed
0	23:16:27.186	Expert EA_TEMPLATE USDCHF,H1: removed
0	23:16:47.600	Custom indicator VP-v6 XAGUSD,H1: loaded successfully
0	23:16:47.622	VP-v6 XAGUSD,H1: initialized
0	23:16:47.656	Custom indicator Macro_TE GBPJPY,Monthly: loaded successfully
0	23:16:47.673	Macro_TE GBPJPY,Monthly: initialized
0	23:16:47.997	Expert Templates\EA_TEMPLATE USDCHF,H1: loaded successfully
0	23:16:49.109	EA_TEMPLATE USDCHF,H1 inputs: riskPerTrade=1.0; SLRatio=1.0; TPRatio=10.0; useExit=false; breakEven=5; 
0	23:16:49.124	EA_TEMPLATE USDCHF,H1: initialized
0	23:19:00.704	EA_TEMPLATE USDCHF,H1: uninit reason 4
0	23:19:00.757	Expert EA_TEMPLATE USDCHF,H1: removed
0	23:19:03.973	Expert Templates\EA_TEMPLATE USDCHF,H1: loaded successfully
0	23:19:05.214	EA_TEMPLATE USDCHF,H1 inputs: riskPerTrade=1.0; SLRatio=1.0; TPRatio=10.0; useExit=false; breakEven=5; 
0	23:19:05.227	EA_TEMPLATE USDCHF,H1: initialized
0	23:23:14.320	EA_TEMPLATE USDCHF,H1: uninit reason 4
0	23:23:14.371	Expert EA_TEMPLATE USDCHF,H1: removed
0	23:23:17.123	Expert Templates\EA_TEMPLATE USDCHF,H1: loaded successfully
0	23:23:18.416	EA_TEMPLATE USDCHF,H1 inputs: riskPerTrade=1.0; SLRatio=1.0; TPRatio=10.0; useExit=false; breakEven=5; 
0	23:23:18.431	EA_TEMPLATE USDCHF,H1: initialized
0	23:25:27.768	EA_TEMPLATE USDCHF,H1: uninit reason 4
0	23:25:27.820	Expert EA_TEMPLATE USDCHF,H1: removed
3	23:30:48.313	'Templates\EA_TEMPLATE' is not expert and cannot be executed
0	23:46:30.874	Expert Templates\EA_TEMPLATE USDCHF,H1: loaded successfully
0	23:46:32.330	EA_TEMPLATE USDCHF,H1 inputs: riskPerTrade=1.0; SLRatio=1.0; TPRatio=10.0; useExit=false; breakEven=0; 
0	23:46:32.344	EA_TEMPLATE USDCHF,H1: initialized
0	23:50:32.644	EA_TEMPLATE USDCHF,H1: uninit reason 4
0	23:50:32.695	Expert EA_TEMPLATE USDCHF,H1: removed
